  Determining projects to restore...
H:\Restaurant APP\src\RestaurantApp.Web\RestaurantApp.Web.csproj : warning NU1510: PackageReference Microsoft.AspNetCore.Components.Authorization will not be pruned. Consider removing this package from your dependencies, as it is likely unnecessary.
  All projects are up-to-date for restore.
H:\Restaurant APP\src\RestaurantApp.Web\RestaurantApp.Web.csproj : warning NU1510: PackageReference Microsoft.AspNetCore.Components.Authorization will not be pruned. Consider removing this package from your dependencies, as it is likely unnecessary.
  RestaurantApp.Domain -> H:\Restaurant APP\src\RestaurantApp.Domain\bin\Debug\net10.0\RestaurantApp.Domain.dll
  RestaurantApp.Application -> H:\Restaurant APP\src\RestaurantApp.Application\bin\Debug\net10.0\RestaurantApp.Application.dll
  RestaurantApp.Infrastructure -> H:\Restaurant APP\src\RestaurantApp.Infrastructure\bin\Debug\net10.0\RestaurantApp.Infrastructure.dll
H:\Restaurant APP\src\RestaurantApp.Web\Components\Pages\Admin\Settings.razor(261,17): error CS0118: 'Settings' is a type but is used like a variable [H:\Restaurant APP\src\RestaurantApp.Web\RestaurantApp.Web.csproj]
H:\Restaurant APP\src\RestaurantApp.Web\Components\Pages\Admin\Login.razor(203,22): warning BL0008: Property 'RestaurantApp.Web.Components.Pages.Admin.Login.LoginModel' has [SupplyParameterFromForm] and a property initializer. This can be overwritten with null during form posts. [H:\Restaurant APP\src\RestaurantApp.Web\RestaurantApp.Web.csproj]

Build FAILED.

H:\Restaurant APP\src\RestaurantApp.Web\RestaurantApp.Web.csproj : warning NU1510: PackageReference Microsoft.AspNetCore.Components.Authorization will not be pruned. Consider removing this package from your dependencies, as it is likely unnecessary.
H:\Restaurant APP\src\RestaurantApp.Web\RestaurantApp.Web.csproj : warning NU1510: PackageReference Microsoft.AspNetCore.Components.Authorization will not be pruned. Consider removing this package from your dependencies, as it is likely unnecessary.
H:\Restaurant APP\src\RestaurantApp.Web\Components\Pages\Admin\Login.razor(203,22): warning BL0008: Property 'RestaurantApp.Web.Components.Pages.Admin.Login.LoginModel' has [SupplyParameterFromForm] and a property initializer. This can be overwritten with null during form posts. [H:\Restaurant APP\src\RestaurantApp.Web\RestaurantApp.Web.csproj]
H:\Restaurant APP\src\RestaurantApp.Web\Components\Pages\Admin\Settings.razor(261,17): error CS0118: 'Settings' is a type but is used like a variable [H:\Restaurant APP\src\RestaurantApp.Web\RestaurantApp.Web.csproj]
    3 Warning(s)
    1 Error(s)

Time Elapsed 00:00:16.45
